============================= test session starts =============================
platform win32 -- Python 3.13.5, pytest-8.4.2, pluggy-1.5.0 -- C:\Users\Dell\anaconda3\python.exe
cachedir: .pytest_cache
rootdir: C:\Users\Dell\OneDrive\Desktop\meta\meta_RL_Team
configfile: pytest.ini
plugins: anyio-4.7.0
collecting ... collected 0 items / 1 error

=================================== ERRORS ====================================
____________________ ERROR collecting tests/test_smoke.py _____________________
..\..\..\..\anaconda3\Lib\site-packages\_pytest\python.py:498: in importtestmodule
    mod = import_path(
..\..\..\..\anaconda3\Lib\site-packages\_pytest\pathlib.py:587: in import_path
    importlib.import_module(module_name)
..\..\..\..\anaconda3\Lib\importlib\__init__.py:88: in import_module
    return _bootstrap._gcd_import(name[level:], package, level)
           ^^^^^^^^^^^^^^^^^^^^^^^^^^^^^^^^^^^^^^^^^^^^^^^^^^^^
<frozen importlib._bootstrap>:1387: in _gcd_import
    ???
<frozen importlib._bootstrap>:1360: in _find_and_load
    ???
<frozen importlib._bootstrap>:1331: in _find_and_load_unlocked
    ???
<frozen importlib._bootstrap>:935: in _load_unlocked
    ???
..\..\..\..\anaconda3\Lib\site-packages\_pytest\assertion\rewrite.py:186: in exec_module
    exec(co, module.__dict__)
tests\test_smoke.py:4: in <module>
    from app.api import app
app\api.py:12: in <module>
    from app.env import TradeDeskOpenEnv
E     File "C:\Users\Dell\OneDrive\Desktop\meta\meta_RL_Team\app\env.py", line 167
E       raise RuntimeError("Environment not initialized. Call reset(task_id) first.")
E   IndentationError: expected an indented block after 'if' statement on line 166
=========================== short test summary info ===========================
ERROR tests/test_smoke.py
!!!!!!!!!!!!!!!!!!! Interrupted: 1 error during collection !!!!!!!!!!!!!!!!!!!!
============================== 1 error in 1.43s ===============================
